// Jest Snapshot v1, https://goo.gl/fbAQLP

exports[`async "to" prop acts strangely without the "from" prop 1`] = `
Array [
  Object {
    "x": 1.0326794443028517,
  },
  Object {
    "x": 1.0642909425257603,
  },
  Object {
    "x": 1.0948693945531636,
  },
  Object {
    "x": 1.1244485597606702,
  },
  Object {
    "x": 1.1530610942862531,
  },
  Object {
    "x": 1.180738587083444,
  },
  Object {
    "x": 1.207511594796326,
  },
  Object {
    "x": 1.2334096754948354,
  },
  Object {
    "x": 1.2584614213076069,
  },
  Object {
    "x": 1.282694489988401,
  },
  Object {
    "x": 1.3061356354509537,
  },
  Object {
    "x": 1.328810737305968,
  },
  Object {
    "x": 1.3507448294328497,
  },
  Object {
    "x": 1.3719621276177374,
  },
  Object {
    "x": 1.392486056288335,
  },
  Object {
    "x": 1.4123392743750662,
  },
  Object {
    "x": 1.4315437003270997,
  },
  Object {
    "x": 1.4501205363108656,
  },
  Object {
    "x": 1.468090291617777,
  },
  Object {
    "x": 1.4854728053069997,
  },
  Object {
    "x": 1.502287268108272,
  },
  Object {
    "x": 1.5185522436089478,
  },
  Object {
    "x": 1.5342856887486622,
  },
  Object {
    "x": 1.5495049736442412,
  },
  Object {
    "x": 1.564226900766746,
  },
  Object {
    "x": 1.57846772349182,
  },
  Object {
    "x": 1.5922431640438235,
  },
  Object {
    "x": 1.6055684308535605,
  },
  Object {
    "x": 1.6184582353487682,
  },
  Object {
    "x": 1.6309268081958996,
  },
  Object {
    "x": 1.6429879150111373,
  },
  Object {
    "x": 1.6546548715579759,
  },
  Object {
    "x": 1.665940558448158,
  },
  Object {
    "x": 1.676857435362193,
  },
  Object {
    "x": 1.687417554805155,
  },
  Object {
    "x": 1.697632575412949,
  },
  Object {
    "x": 1.7075137748237386,
  },
  Object {
    "x": 1.7170720621287374,
  },
  Object {
    "x": 1.726317989916122,
  },
  Object {
    "x": 1.7352617659213505,
  },
  Object {
    "x": 1.7439132642967587,
  },
  Object {
    "x": 1.752282036512872,
  },
  Object {
    "x": 1.7603773219034655,
  },
  Object {
    "x": 1.7682080578660215,
  },
  Object {
    "x": 1.7757828897288386,
  },
  Object {
    "x": 1.7831101802956912,
  },
  Object {
    "x": 1.7901980190785738,
  },
  Object {
    "x": 1.7970542312287234,
  },
  Object {
    "x": 1.803686386175784,
  },
  Object {
    "x": 1.8101018059846439,
  },
  Object {
    "x": 1.8163075734391807,
  },
  Object {
    "x": 1.8223105398618304,
  },
  Object {
    "x": 1.8281173326776194,
  },
  Object {
    "x": 1.8337343627310068,
  },
  Object {
    "x": 1.839167831363617,
  },
  Object {
    "x": 1.8444237372606767,
  },
  Object {
    "x": 1.8495078830737122,
  },
  Object {
    "x": 1.8544258818268233,
  },
  Object {
    "x": 1.8591831631136004,
  },
  Object {
    "x": 1.8637849790915333,
  },
  Object {
    "x": 1.8682364102805231,
  },
  Object {
    "x": 1.8725423711719045,
  },
  Object {
    "x": 1.8767076156541656,
  },
  Object {
    "x": 1.880736742261361,
  },
  Object {
    "x": 1.8846341992500075,
  },
  Object {
    "x": 1.8884042895100706,
  },
  Object {
    "x": 1.8920511753154632,
  },
  Object {
    "x": 1.8955788829192999,
  },
  Object {
    "x": 1.89899130699898,
  },
  Object {
    "x": 1.9022922149560109,
  },
  Object {
    "x": 1.9054852510753106,
  },
  Object {
    "x": 1.908573940548593,
  },
  Object {
    "x": 1.9115616933662645,
  },
  Object {
    "x": 1.9144518080821402,
  },
  Object {
    "x": 1.9172474754551294,
  },
  Object {
    "x": 1.9199517819719139,
  },
  Object {
    "x": 1.9225677132545054,
  },
  Object {
    "x": 1.9250981573564474,
  },
  Object {
    "x": 1.9275459079512984,
  },
  Object {
    "x": 1.9299136674169175,
  },
  Object {
    "x": 1.9322040498189574,
  },
  Object {
    "x": 1.9344195837968576,
  },
  Object {
    "x": 1.936562715355526,
  },
  Object {
    "x": 1.9386358105657893,
  },
  Object {
    "x": 1.9406411581765943,
  },
  Object {
    "x": 1.942580972141844,
  },
  Object {
    "x": 1.9444573940646586,
  },
  Object {
    "x": 1.9462724955617579,
  },
  Object {
    "x": 1.9480282805505786,
  },
  Object {
    "x": 1.9497266874616495,
  },
  Object {
    "x": 1.9513695913786662,
  },
  Object {
    "x": 1.9529588061086318,
  },
  Object {
    "x": 1.9544960861843448,
  },
  Object {
    "x": 1.9559831288014453,
  },
  Object {
    "x": 1.9574215756921642,
  },
  Object {
    "x": 1.9588130149378353,
  },
  Object {
    "x": 1.9601589827221766,
  },
  Object {
    "x": 1.961460965027276,
  },
  Object {
    "x": 1.9627203992741529,
  },
  Object {
    "x": 1.963938675909706,
  },
  Object {
    "x": 1.965117139941802,
  },
  Object {
    "x": 1.966257092424198,
  },
  Object {
    "x": 1.9673597918929377,
  },
  Object {
    "x": 1.9684264557558062,
  },
  Object {
    "x": 1.9694582616363778,
  },
  Object {
    "x": 1.970456348674144,
  },
  Object {
    "x": 1.9714218187821504,
  },
  Object {
    "x": 1.972355737863536,
  },
  Object {
    "x": 1.973259136988318,
  },
  Object {
    "x": 1.974133013531718,
  },
  Object {
    "x": 1.9749783322752907,
  },
  Object {
    "x": 1.975796026472065,
  },
  Object {
    "x": 1.9765869988768787,
  },
  Object {
    "x": 1.9773521227430442,
  },
  Object {
    "x": 1.9780922427864407,
  },
  Object {
    "x": 1.9788081761181018,
  },
  Object {
    "x": 1.9795007131463263,
  },
  Object {
    "x": 1.980170618449309,
  },
  Object {
    "x": 1.9808186316192549,
  },
  Object {
    "x": 1.9814454680789058,
  },
  Object {
    "x": 1.9820518198713866,
  },
  Object {
    "x": 1.9826383564242371,
  },
  Object {
    "x": 1.9832057252884772,
  },
  Object {
    "x": 1.9837545528535192,
  },
  Object {
    "x": 1.9842854450387173,
  },
  Object {
    "x": 1.9847989879623187,
  },
  Object {
    "x": 1.9852957485885507,
  },
  Object {
    "x": 1.9857762753535662,
  },
  Object {
    "x": 1.9862410987709285,
  },
  Object {
    "x": 1.9866907320173126,
  },
  Object {
    "x": 1.9871256714990646,
  },
  Object {
    "x": 1.9875463974002476,
  },
  Object {
    "x": 1.987953374212776,
  },
  Object {
    "x": 1.9883470512492267,
  },
  Object {
    "x": 1.9887278631388914,
  },
  Object {
    "x": 1.989096230307618,
  },
  Object {
    "x": 1.9894525594419714,
  },
  Object {
    "x": 1.989797243938225,
  },
  Object {
    "x": 1.9901306643366814,
  },
  Object {
    "x": 1.9904531887417969,
  },
  Object {
    "x": 1.9907651732285794,
  },
  Object {
    "x": 1.9910669622357027,
  },
  Object {
    "x": 1.9913588889457763,
  },
  Object {
    "x": 1.9916412756531878,
  },
  Object {
    "x": 1.9919144341199226,
  },
  Object {
    "x": 1.9921786659197576,
  },
  Object {
    "x": 1.9924342627712068,
  },
  Object {
    "x": 1.9926815068595851,
  },
  Object {
    "x": 1.9929206711485479,
  },
  Object {
    "x": 1.9931520196814507,
  },
  Object {
    "x": 1.9933758078728578,
  },
  Object {
    "x": 1.9935922827905284,
  },
  Object {
    "x": 1.9938016834281835,
  },
  Object {
    "x": 1.9940042409693637,
  },
  Object {
    "x": 1.9942001790426587,
  },
  Object {
    "x": 1.9943897139686007,
  },
  Object {
    "x": 1.9945730549984868,
  },
  Object {
    "x": 1.9947504045453985,
  },
  Object {
    "x": 1.9949219584076698,
  },
  Object {
    "x": 1.995087905985054,
  },
  Object {
    "x": 1.9952484304878257,
  },
  Object {
    "x": 1.99540370913905,
  },
  Object {
    "x": 1.9955539133702402,
  },
  Object {
    "x": 1.9956992090106234,
  },
  Object {
    "x": 1.9958397564702188,
  },
  Object {
    "x": 1.9959757109169365,
  },
  Object {
    "x": 1.9961072224478846,
  },
  Object {
    "x": 1.9962344362550823,
  },
  Object {
    "x": 1.996357492785753,
  },
  Object {
    "x": 1.9964765278973837,
  },
  Object {
    "x": 1.9965916730077138,
  },
  Object {
    "x": 1.996703055239824,
  },
  Object {
    "x": 1.9968107975624836,
  },
  Object {
    "x": 1.9969150189259108,
  },
  Object {
    "x": 1.9970158343930968,
  },
  Object {
    "x": 1.997113355266838,
  },
  Object {
    "x": 1.9972076892126176,
  },
  Object {
    "x": 1.99729894037747,
  },
  Object {
    "x": 1.9973872095049632,
  },
  Object {
    "x": 1.9974725940464209,
  },
  Object {
    "x": 1.9975551882685114,
  },
  Object {
    "x": 1.9976350833573213,
  },
  Object {
    "x": 1.9977123675190265,
  },
  Object {
    "x": 1.9977871260772737,
  },
  Object {
    "x": 1.9978594415673807,
  },
  Object {
    "x": 1.9979293938274567,
  },
  Object {
    "x": 1.9979970600865453,
  },
  Object {
    "x": 1.9980625150498892,
  },
  Object {
    "x": 1.998125830981404,
  },
  Object {
    "x": 1.9981870777834614,
  },
  Object {
    "x": 1.998246323074062,
  },
  Object {
    "x": 1.9983036322614882,
  },
  Object {
    "x": 1.998359068616516,
  },
  Object {
    "x": 1.9984126933422675,
  },
  Object {
    "x": 1.9984645656417803,
  },
  Object {
    "x": 1.9985147427833703,
  },
  Object {
    "x": 1.9985632801638562,
  },
  Object {
    "x": 1.9986102313697203,
  },
  Object {
    "x": 1.9986556482362674,
  },
  Object {
    "x": 1.9986995809048538,
  },
  Object {
    "x": 1.998742077878244,
  },
  Object {
    "x": 1.9987831860741592,
  },
  Object {
    "x": 1.9988229508770754,
  },
  Object {
    "x": 1.9988614161883296,
  },
  Object {
    "x": 1.9988986244745874,
  },
  Object {
    "x": 1.9989346168147268,
  },
  Object {
    "x": 1.9989694329451912,
  },
  Object {
    "x": 1.9990031113038593,
  },
  Object {
    "x": 2,
  },
]
`;

exports[`can animate a number 1`] = `
Array [
  Object {
    "x": 3.26794443028518,
  },
  Object {
    "x": 6.429094252576041,
  },
  Object {
    "x": 9.486939455316378,
  },
  Object {
    "x": 12.44485597606702,
  },
  Object {
    "x": 15.306109428625305,
  },
  Object {
    "x": 18.07385870834437,
  },
  Object {
    "x": 20.751159479632598,
  },
  Object {
    "x": 23.340967549483526,
  },
  Object {
    "x": 25.846142130760686,
  },
  Object {
    "x": 28.269448998840083,
  },
  Object {
    "x": 30.61356354509536,
  },
  Object {
    "x": 32.88107373059678,
  },
  Object {
    "x": 35.07448294328496,
  },
  Object {
    "x": 37.196212761773744,
  },
  Object {
    "x": 39.24860562883351,
  },
  Object {
    "x": 41.23392743750663,
  },
  Object {
    "x": 43.15437003270998,
  },
  Object {
    "x": 45.01205363108656,
  },
  Object {
    "x": 46.809029161777666,
  },
  Object {
    "x": 48.547280530699965,
  },
  Object {
    "x": 50.22872681082721,
  },
  Object {
    "x": 51.85522436089481,
  },
  Object {
    "x": 53.428568874866244,
  },
  Object {
    "x": 54.95049736442415,
  },
  Object {
    "x": 56.42269007667463,
  },
  Object {
    "x": 57.846772349182054,
  },
  Object {
    "x": 59.2243164043824,
  },
  Object {
    "x": 60.55684308535609,
  },
  Object {
    "x": 61.84582353487684,
  },
  Object {
    "x": 63.092680819590015,
  },
  Object {
    "x": 64.2987915011138,
  },
  Object {
    "x": 65.46548715579765,
  },
  Object {
    "x": 66.59405584481588,
  },
  Object {
    "x": 67.6857435362194,
  },
  Object {
    "x": 68.7417554805156,
  },
  Object {
    "x": 69.763257541295,
  },
  Object {
    "x": 70.75137748237393,
  },
  Object {
    "x": 71.70720621287384,
  },
  Object {
    "x": 72.6317989916123,
  },
  Object {
    "x": 73.52617659213516,
  },
  Object {
    "x": 74.39132642967601,
  },
  Object {
    "x": 75.22820365128734,
  },
  Object {
    "x": 76.03773219034669,
  },
  Object {
    "x": 76.82080578660226,
  },
  Object {
    "x": 77.57828897288398,
  },
  Object {
    "x": 78.31101802956927,
  },
  Object {
    "x": 79.01980190785753,
  },
  Object {
    "x": 79.70542312287252,
  },
  Object {
    "x": 80.36863861757854,
  },
  Object {
    "x": 81.01018059846453,
  },
  Object {
    "x": 81.63075734391823,
  },
  Object {
    "x": 82.23105398618323,
  },
  Object {
    "x": 82.81173326776214,
  },
  Object {
    "x": 83.37343627310086,
  },
  Object {
    "x": 83.91678313636186,
  },
  Object {
    "x": 84.4423737260678,
  },
  Object {
    "x": 84.95078830737135,
  },
  Object {
    "x": 85.44258818268244,
  },
  Object {
    "x": 85.91831631136014,
  },
  Object {
    "x": 86.37849790915344,
  },
  Object {
    "x": 86.82364102805245,
  },
  Object {
    "x": 87.2542371171906,
  },
  Object {
    "x": 87.67076156541673,
  },
  Object {
    "x": 88.07367422613626,
  },
  Object {
    "x": 88.4634199250009,
  },
  Object {
    "x": 88.84042895100724,
  },
  Object {
    "x": 89.20511753154653,
  },
  Object {
    "x": 89.55788829193018,
  },
  Object {
    "x": 89.8991306998982,
  },
  Object {
    "x": 90.22922149560124,
  },
  Object {
    "x": 90.54852510753123,
  },
  Object {
    "x": 90.85739405485945,
  },
  Object {
    "x": 91.15616933662659,
  },
  Object {
    "x": 91.44518080821413,
  },
  Object {
    "x": 91.72474754551308,
  },
  Object {
    "x": 91.99517819719152,
  },
  Object {
    "x": 92.25677132545064,
  },
  Object {
    "x": 92.50981573564482,
  },
  Object {
    "x": 92.7545907951299,
  },
  Object {
    "x": 92.99136674169182,
  },
  Object {
    "x": 93.22040498189581,
  },
  Object {
    "x": 93.44195837968584,
  },
  Object {
    "x": 93.65627153555268,
  },
  Object {
    "x": 93.863581056579,
  },
  Object {
    "x": 94.06411581765948,
  },
  Object {
    "x": 94.25809721418446,
  },
  Object {
    "x": 94.4457394064659,
  },
  Object {
    "x": 94.62724955617584,
  },
  Object {
    "x": 94.80282805505792,
  },
  Object {
    "x": 94.97266874616497,
  },
  Object {
    "x": 95.13695913786665,
  },
  Object {
    "x": 95.29588061086324,
  },
  Object {
    "x": 95.44960861843448,
  },
  Object {
    "x": 95.59831288014455,
  },
  Object {
    "x": 95.74215756921645,
  },
  Object {
    "x": 95.88130149378357,
  },
  Object {
    "x": 96.0158982722177,
  },
  Object {
    "x": 96.14609650272764,
  },
  Object {
    "x": 96.27203992741532,
  },
  Object {
    "x": 96.39386759097061,
  },
  Object {
    "x": 96.51171399418018,
  },
  Object {
    "x": 96.62570924241977,
  },
  Object {
    "x": 96.73597918929376,
  },
  Object {
    "x": 96.84264557558059,
  },
  Object {
    "x": 96.94582616363776,
  },
  Object {
    "x": 97.0456348674144,
  },
  Object {
    "x": 97.14218187821501,
  },
  Object {
    "x": 97.23557378635356,
  },
  Object {
    "x": 97.32591369883176,
  },
  Object {
    "x": 97.4133013531718,
  },
  Object {
    "x": 97.49783322752909,
  },
  Object {
    "x": 97.5796026472065,
  },
  Object {
    "x": 97.65869988768789,
  },
  Object {
    "x": 97.73521227430446,
  },
  Object {
    "x": 97.80922427864411,
  },
  Object {
    "x": 97.8808176118102,
  },
  Object {
    "x": 97.95007131463262,
  },
  Object {
    "x": 98.01706184493091,
  },
  Object {
    "x": 98.08186316192548,
  },
  Object {
    "x": 98.14454680789059,
  },
  Object {
    "x": 98.20518198713869,
  },
  Object {
    "x": 98.26383564242374,
  },
  Object {
    "x": 98.32057252884775,
  },
  Object {
    "x": 98.37545528535193,
  },
  Object {
    "x": 98.42854450387178,
  },
  Object {
    "x": 98.47989879623191,
  },
  Object {
    "x": 98.52957485885516,
  },
  Object {
    "x": 98.57762753535671,
  },
  Object {
    "x": 98.62410987709293,
  },
  Object {
    "x": 98.66907320173132,
  },
  Object {
    "x": 98.71256714990652,
  },
  Object {
    "x": 98.7546397400248,
  },
  Object {
    "x": 98.79533742127765,
  },
  Object {
    "x": 98.83470512492272,
  },
  Object {
    "x": 98.87278631388921,
  },
  Object {
    "x": 98.90962303076188,
  },
  Object {
    "x": 98.94525594419721,
  },
  Object {
    "x": 98.9797243938226,
  },
  Object {
    "x": 99.01306643366824,
  },
  Object {
    "x": 99.04531887417981,
  },
  Object {
    "x": 99.07651732285804,
  },
  Object {
    "x": 99.10669622357034,
  },
  Object {
    "x": 99.1358888945777,
  },
  Object {
    "x": 99.16412756531882,
  },
  Object {
    "x": 99.19144341199228,
  },
  Object {
    "x": 99.21786659197578,
  },
  Object {
    "x": 99.24342627712072,
  },
  Object {
    "x": 99.26815068595853,
  },
  Object {
    "x": 99.29206711485483,
  },
  Object {
    "x": 99.31520196814509,
  },
  Object {
    "x": 99.33758078728579,
  },
  Object {
    "x": 99.35922827905284,
  },
  Object {
    "x": 99.38016834281838,
  },
  Object {
    "x": 99.40042409693639,
  },
  Object {
    "x": 99.42001790426588,
  },
  Object {
    "x": 99.43897139686007,
  },
  Object {
    "x": 99.45730549984869,
  },
  Object {
    "x": 99.47504045453982,
  },
  Object {
    "x": 99.49219584076695,
  },
  Object {
    "x": 99.50879059850537,
  },
  Object {
    "x": 99.52484304878256,
  },
  Object {
    "x": 99.54037091390497,
  },
  Object {
    "x": 99.55539133702398,
  },
  Object {
    "x": 99.56992090106228,
  },
  Object {
    "x": 99.58397564702183,
  },
  Object {
    "x": 99.59757109169361,
  },
  Object {
    "x": 99.61072224478846,
  },
  Object {
    "x": 99.62344362550823,
  },
  Object {
    "x": 99.63574927857532,
  },
  Object {
    "x": 99.64765278973839,
  },
  Object {
    "x": 99.65916730077141,
  },
  Object {
    "x": 99.67030552398244,
  },
  Object {
    "x": 99.68107975624841,
  },
  Object {
    "x": 99.69150189259113,
  },
  Object {
    "x": 99.70158343930973,
  },
  Object {
    "x": 99.71133552668384,
  },
  Object {
    "x": 99.7207689212618,
  },
  Object {
    "x": 99.72989403774703,
  },
  Object {
    "x": 99.73872095049634,
  },
  Object {
    "x": 99.74725940464211,
  },
  Object {
    "x": 99.75551882685117,
  },
  Object {
    "x": 99.76350833573218,
  },
  Object {
    "x": 99.77123675190272,
  },
  Object {
    "x": 99.77871260772746,
  },
  Object {
    "x": 99.78594415673814,
  },
  Object {
    "x": 99.79293938274573,
  },
  Object {
    "x": 99.79970600865461,
  },
  Object {
    "x": 99.80625150498898,
  },
  Object {
    "x": 99.81258309814046,
  },
  Object {
    "x": 99.8187077783462,
  },
  Object {
    "x": 99.82463230740626,
  },
  Object {
    "x": 99.8303632261489,
  },
  Object {
    "x": 99.83590686165171,
  },
  Object {
    "x": 99.84126933422684,
  },
  Object {
    "x": 99.84645656417813,
  },
  Object {
    "x": 99.85147427833714,
  },
  Object {
    "x": 99.85632801638577,
  },
  Object {
    "x": 99.86102313697218,
  },
  Object {
    "x": 99.8655648236269,
  },
  Object {
    "x": 99.86995809048554,
  },
  Object {
    "x": 99.87420778782455,
  },
  Object {
    "x": 99.87831860741606,
  },
  Object {
    "x": 99.88229508770772,
  },
  Object {
    "x": 99.88614161883315,
  },
  Object {
    "x": 99.8898624474589,
  },
  Object {
    "x": 99.89346168147281,
  },
  Object {
    "x": 99.89694329451925,
  },
  Object {
    "x": 99.90031113038604,
  },
  Object {
    "x": 100,
  },
]
`;

exports[`can animate an array of numbers 1`] = `
Array [
  Object {
    "x": Array [
      1.1307177772114074,
      2.261435554422815,
    ],
  },
  Object {
    "x": Array [
      1.257163770103042,
      2.514327540206084,
    ],
  },
  Object {
    "x": Array [
      1.3794775782126556,
      2.758955156425311,
    ],
  },
  Object {
    "x": Array [
      1.497794239042681,
      2.995588478085362,
    ],
  },
  Object {
    "x": Array [
      1.6122443771450123,
      3.2244887542900247,
    ],
  },
  Object {
    "x": Array [
      1.7229543483337748,
      3.4459086966675496,
    ],
  },
  Object {
    "x": Array [
      1.8300463791853039,
      3.6600927583706078,
    ],
  },
  Object {
    "x": Array [
      1.933638701979341,
      3.867277403958682,
    ],
  },
  Object {
    "x": Array [
      2.0338456852304274,
      4.067691370460855,
    ],
  },
  Object {
    "x": Array [
      2.130777959953603,
      4.261555919907206,
    ],
  },
  Object {
    "x": Array [
      2.2245425418038143,
      4.4490850836076286,
    ],
  },
  Object {
    "x": Array [
      2.315242949223871,
      4.630485898447742,
    ],
  },
  Object {
    "x": Array [
      2.4029793177313987,
      4.8059586354627974,
    ],
  },
  Object {
    "x": Array [
      2.4878485104709496,
      4.975697020941899,
    ],
  },
  Object {
    "x": Array [
      2.5699442251533404,
      5.139888450306681,
    ],
  },
  Object {
    "x": Array [
      2.649357097500265,
      5.29871419500053,
    ],
  },
  Object {
    "x": Array [
      2.726174801308399,
      5.452349602616798,
    ],
  },
  Object {
    "x": Array [
      2.800482145243462,
      5.600964290486924,
    ],
  },
  Object {
    "x": Array [
      2.872361166471106,
      5.744722332942212,
    ],
  },
  Object {
    "x": Array [
      2.941891221227998,
      5.883782442455996,
    ],
  },
  Object {
    "x": Array [
      3.0091490724330883,
      6.0182981448661765,
    ],
  },
  Object {
    "x": Array [
      3.0742089744357917,
      6.148417948871583,
    ],
  },
  Object {
    "x": Array [
      3.1371427549946493,
      6.274285509989299,
    ],
  },
  Object {
    "x": Array [
      3.1980198945769653,
      6.396039789153931,
    ],
  },
  Object {
    "x": Array [
      3.256907603066984,
      6.513815206133968,
    ],
  },
  Object {
    "x": Array [
      3.3138708939672807,
      6.6277417879345615,
    ],
  },
  Object {
    "x": Array [
      3.3689726561752935,
      6.737945312350587,
    ],
  },
  Object {
    "x": Array [
      3.422273723414241,
      6.844547446828482,
    ],
  },
  Object {
    "x": Array [
      3.473832941395071,
      6.947665882790142,
    ],
  },
  Object {
    "x": Array [
      3.523707232783598,
      7.047414465567196,
    ],
  },
  Object {
    "x": Array [
      3.5719516600445496,
      7.143903320089099,
    ],
  },
  Object {
    "x": Array [
      3.618619486231904,
      7.237238972463808,
    ],
  },
  Object {
    "x": Array [
      3.6637622337926334,
      7.327524467585267,
    ],
  },
  Object {
    "x": Array [
      3.7074297414487742,
      7.4148594828975485,
    ],
  },
  Object {
    "x": Array [
      3.7496702192206217,
      7.499340438441243,
    ],
  },
  Object {
    "x": Array [
      3.7905303016517977,
      7.581060603303595,
    ],
  },
  Object {
    "x": Array [
      3.830055099294955,
      7.66011019858991,
    ],
  },
  Object {
    "x": Array [
      3.8682882485149515,
      7.736576497029903,
    ],
  },
  Object {
    "x": Array [
      3.90527195966449,
      7.81054391932898,
    ],
  },
  Object {
    "x": Array [
      3.9410470636854047,
      7.882094127370809,
    ],
  },
  Object {
    "x": Array [
      3.9756530571870394,
      7.951306114374079,
    ],
  },
  Object {
    "x": Array [
      4.009128146051492,
      8.018256292102985,
    ],
  },
  Object {
    "x": Array [
      4.0415092876138665,
      8.083018575227733,
    ],
  },
  Object {
    "x": Array [
      4.072832231464091,
      8.145664462928181,
    ],
  },
  Object {
    "x": Array [
      4.103131558915359,
      8.206263117830717,
    ],
  },
  Object {
    "x": Array [
      4.132440721182769,
      8.264881442365539,
    ],
  },
  Object {
    "x": Array [
      4.1607920763143,
      8.3215841526286,
    ],
  },
  Object {
    "x": Array [
      4.188216924914898,
      8.376433849829796,
    ],
  },
  Object {
    "x": Array [
      4.21474554470314,
      8.42949108940628,
    ],
  },
  Object {
    "x": Array [
      4.24040722393858,
      8.48081444787716,
    ],
  },
  Object {
    "x": Array [
      4.265230293756727,
      8.530460587513454,
    ],
  },
  Object {
    "x": Array [
      4.289242159447326,
      8.578484318894652,
    ],
  },
  Object {
    "x": Array [
      4.312469330710481,
      8.624938661420963,
    ],
  },
  Object {
    "x": Array [
      4.334937450924031,
      8.669874901848061,
    ],
  },
  Object {
    "x": Array [
      4.356671325454472,
      8.713342650908944,
    ],
  },
  Object {
    "x": Array [
      4.37769494904271,
      8.75538989808542,
    ],
  },
  Object {
    "x": Array [
      4.398031532294852,
      8.796063064589704,
    ],
  },
  Object {
    "x": Array [
      4.417703527307296,
      8.835407054614592,
    ],
  },
  Object {
    "x": Array [
      4.4367326524544035,
      8.873465304908807,
    ],
  },
  Object {
    "x": Array [
      4.455139916366135,
      8.91027983273227,
    ],
  },
  Object {
    "x": Array [
      4.472945641122094,
      8.945891282244189,
    ],
  },
  Object {
    "x": Array [
      4.49016948468762,
      8.98033896937524,
    ],
  },
  Object {
    "x": Array [
      4.506830462616664,
      9.013660925233328,
    ],
  },
  Object {
    "x": Array [
      4.522946969045446,
      9.045893938090892,
    ],
  },
  Object {
    "x": Array [
      4.538536797000031,
      9.077073594000062,
    ],
  },
  Object {
    "x": Array [
      4.553617158040283,
      9.107234316080566,
    ],
  },
  Object {
    "x": Array [
      4.568204701261854,
      9.136409402523707,
    ],
  },
  Object {
    "x": Array [
      4.5823155316772,
      9.1646310633544,
    ],
  },
  Object {
    "x": Array [
      4.595965227995921,
      9.191930455991843,
    ],
  },
  Object {
    "x": Array [
      4.609168859824044,
      9.218337719648089,
    ],
  },
  Object {
    "x": Array [
      4.621941004301243,
      9.243882008602487,
    ],
  },
  Object {
    "x": Array [
      4.634295762194373,
      9.268591524388746,
    ],
  },
  Object {
    "x": Array [
      4.646246773465059,
      9.292493546930118,
    ],
  },
  Object {
    "x": Array [
      4.657807232328562,
      9.315614464657124,
    ],
  },
  Object {
    "x": Array [
      4.6689899018205185,
      9.337979803641037,
    ],
  },
  Object {
    "x": Array [
      4.679807127887656,
      9.359614255775313,
    ],
  },
  Object {
    "x": Array [
      4.690270853018022,
      9.380541706036045,
    ],
  },
  Object {
    "x": Array [
      4.7003926294257905,
      9.400785258851581,
    ],
  },
  Object {
    "x": Array [
      4.710183631805195,
      9.42036726361039,
    ],
  },
  Object {
    "x": Array [
      4.719654669667671,
      9.439309339335342,
    ],
  },
  Object {
    "x": Array [
      4.728816199275831,
      9.457632398551661,
    ],
  },
  Object {
    "x": Array [
      4.737678335187431,
      9.475356670374863,
    ],
  },
  Object {
    "x": Array [
      4.746250861422105,
      9.49250172284421,
    ],
  },
  Object {
    "x": Array [
      4.754543242263158,
      9.509086484526316,
    ],
  },
  Object {
    "x": Array [
      4.762564632706378,
      9.525129265412756,
    ],
  },
  Object {
    "x": Array [
      4.770323888567377,
      9.540647777134755,
    ],
  },
  Object {
    "x": Array [
      4.777829576258635,
      9.55565915251727,
    ],
  },
  Object {
    "x": Array [
      4.785089982247032,
      9.570179964494065,
    ],
  },
  Object {
    "x": Array [
      4.7921131222023154,
      9.584226244404631,
    ],
  },
  Object {
    "x": Array [
      4.798906749846599,
      9.597813499693197,
    ],
  },
  Object {
    "x": Array [
      4.805478365514666,
      9.610956731029331,
    ],
  },
  Object {
    "x": Array [
      4.811835224434528,
      9.623670448869056,
    ],
  },
  Object {
    "x": Array [
      4.81798434473738,
      9.63596868947476,
    ],
  },
  Object {
    "x": Array [
      4.823932515205782,
      9.647865030411564,
    ],
  },
  Object {
    "x": Array [
      4.829686302768658,
      9.659372605537316,
    ],
  },
  Object {
    "x": Array [
      4.835252059751342,
      9.670504119502684,
    ],
  },
  Object {
    "x": Array [
      4.840635930888707,
      9.681271861777415,
    ],
  },
  Object {
    "x": Array [
      4.845843860109105,
      9.69168772021821,
    ],
  },
  Object {
    "x": Array [
      4.850881597096612,
      9.701763194193225,
    ],
  },
  Object {
    "x": Array [
      4.855754703638825,
      9.71150940727765,
    ],
  },
  Object {
    "x": Array [
      4.860468559767209,
      9.720937119534417,
    ],
  },
  Object {
    "x": Array [
      4.865028369696793,
      9.730056739393586,
    ],
  },
  Object {
    "x": Array [
      4.869439167571752,
      9.738878335143504,
    ],
  },
  Object {
    "x": Array [
      4.873705823023226,
      9.747411646046451,
    ],
  },
  Object {
    "x": Array [
      4.877833046545512,
      9.755666093091024,
    ],
  },
  Object {
    "x": Array [
      4.881825394696577,
      9.763650789393154,
    ],
  },
  Object {
    "x": Array [
      4.885687275128602,
      9.771374550257203,
    ],
  },
  Object {
    "x": Array [
      4.889422951454144,
      9.778845902908287,
    ],
  },
  Object {
    "x": Array [
      4.893036547953272,
      9.786073095906543,
    ],
  },
  Object {
    "x": Array [
      4.896532054126872,
      9.793064108253745,
    ],
  },
  Object {
    "x": Array [
      4.899913329101163,
      9.799826658202326,
    ],
  },
  Object {
    "x": Array [
      4.90318410588826,
      9.80636821177652,
    ],
  },
  Object {
    "x": Array [
      4.906347995507515,
      9.81269599101503,
    ],
  },
  Object {
    "x": Array [
      4.909408490972177,
      9.818816981944353,
    ],
  },
  Object {
    "x": Array [
      4.912368971145763,
      9.824737942291526,
    ],
  },
  Object {
    "x": Array [
      4.915232704472407,
      9.830465408944814,
    ],
  },
  Object {
    "x": Array [
      4.918002852585305,
      9.83600570517061,
    ],
  },
  Object {
    "x": Array [
      4.920682473797236,
      9.841364947594473,
    ],
  },
  Object {
    "x": Array [
      4.9232745264770195,
      9.846549052954039,
    ],
  },
  Object {
    "x": Array [
      4.925781872315623,
      9.851563744631246,
    ],
  },
  Object {
    "x": Array [
      4.928207279485546,
      9.856414558971093,
    ],
  },
  Object {
    "x": Array [
      4.9305534256969485,
      9.861106851393897,
    ],
  },
  Object {
    "x": Array [
      4.932822901153909,
      9.865645802307817,
    ],
  },
  Object {
    "x": Array [
      4.935018211414077,
      9.870036422828154,
    ],
  },
  Object {
    "x": Array [
      4.937141780154869,
      9.874283560309738,
    ],
  },
  Object {
    "x": Array [
      4.939195951849275,
      9.87839190369855,
    ],
  },
  Object {
    "x": Array [
      4.941182994354203,
      9.882365988708406,
    ],
  },
  Object {
    "x": Array [
      4.943105101414265,
      9.88621020282853,
    ],
  },
  Object {
    "x": Array [
      4.944964395083714,
      9.889928790167428,
    ],
  },
  Object {
    "x": Array [
      4.94676292806925,
      9.8935258561385,
    ],
  },
  Object {
    "x": Array [
      4.948502685996258,
      9.897005371992517,
    ],
  },
  Object {
    "x": Array [
      4.9501855896009905,
      9.900371179201981,
    ],
  },
  Object {
    "x": Array [
      4.951813496851104,
      9.903626993702208,
    ],
  },
  Object {
    "x": Array [
      4.953388204996907,
      9.906776409993814,
    ],
  },
  Object {
    "x": Array [
      4.9549114525555655,
      9.909822905111131,
    ],
  },
  Object {
    "x": Array [
      4.956384921230472,
      9.912769842460945,
    ],
  },
  Object {
    "x": Array [
      4.957810237767886,
      9.915620475535771,
    ],
  },
  Object {
    "x": Array [
      4.9591889757529,
      9.9183779515058,
    ],
  },
  Object {
    "x": Array [
      4.960522657346726,
      9.921045314693451,
    ],
  },
  Object {
    "x": Array [
      4.9618127549671875,
      9.923625509934375,
    ],
  },
  Object {
    "x": Array [
      4.9630606929143175,
      9.926121385828635,
    ],
  },
  Object {
    "x": Array [
      4.964267848942811,
      9.928535697885621,
    ],
  },
  Object {
    "x": Array [
      4.965435555783105,
      9.93087111156621,
    ],
  },
  Object {
    "x": Array [
      4.966565102612751,
      9.933130205225503,
    ],
  },
  Object {
    "x": Array [
      4.9676577364796906,
      9.935315472959381,
    ],
  },
  Object {
    "x": Array [
      4.96871466367903,
      9.93742932735806,
    ],
  },
  Object {
    "x": Array [
      4.969737051084827,
      9.939474102169655,
    ],
  },
  Object {
    "x": Array [
      4.9707260274383405,
      9.941452054876681,
    ],
  },
  Object {
    "x": Array [
      4.9716826845941915,
      9.943365369188383,
    ],
  },
  Object {
    "x": Array [
      4.972608078725803,
      9.945216157451606,
    ],
  },
  Object {
    "x": Array [
      4.973503231491431,
      9.947006462982863,
    ],
  },
  Object {
    "x": Array [
      4.974369131162113,
      9.948738262324227,
    ],
  },
  Object {
    "x": Array [
      4.975206733712734,
      9.950413467425468,
    ],
  },
  Object {
    "x": Array [
      4.976016963877455,
      9.95203392775491,
    ],
  },
  Object {
    "x": Array [
      4.976800716170635,
      9.95360143234127,
    ],
  },
  Object {
    "x": Array [
      4.977558855874403,
      9.955117711748805,
    ],
  },
  Object {
    "x": Array [
      4.978292219993947,
      9.956584439987894,
    ],
  },
  Object {
    "x": Array [
      4.979001618181594,
      9.958003236363188,
    ],
  },
  Object {
    "x": Array [
      4.979687833630679,
      9.959375667261359,
    ],
  },
  Object {
    "x": Array [
      4.980351623940216,
      9.960703247880431,
    ],
  },
  Object {
    "x": Array [
      4.980993721951303,
      9.961987443902606,
    ],
  },
  Object {
    "x": Array [
      4.9816148365562,
      9.9632296731124,
    ],
  },
  Object {
    "x": Array [
      4.982215653480961,
      9.964431306961922,
    ],
  },
  Object {
    "x": Array [
      4.9827968360424935,
      9.965593672084987,
    ],
  },
  Object {
    "x": Array [
      4.983359025880875,
      9.96671805176175,
    ],
  },
  Object {
    "x": Array [
      4.983902843667746,
      9.967805687335492,
    ],
  },
  Object {
    "x": Array [
      4.9844288897915385,
      9.968857779583077,
    ],
  },
  Object {
    "x": Array [
      4.984937745020329,
      9.969875490040659,
    ],
  },
  Object {
    "x": Array [
      4.985429971143012,
      9.970859942286024,
    ],
  },
  Object {
    "x": Array [
      4.985906111589535,
      9.97181222317907,
    ],
  },
  Object {
    "x": Array [
      4.986366692030855,
      9.97273338406171,
    ],
  },
  Object {
    "x": Array [
      4.986812220959296,
      9.973624441918592,
    ],
  },
  Object {
    "x": Array [
      4.987243190249934,
      9.974486380499869,
    ],
  },
  Object {
    "x": Array [
      4.987660075703643,
      9.975320151407287,
    ],
  },
  Object {
    "x": Array [
      4.988063337572387,
      9.976126675144775,
    ],
  },
  Object {
    "x": Array [
      4.988453421067352,
      9.976906842134705,
    ],
  },
  Object {
    "x": Array [
      4.98883075685047,
      9.97766151370094,
    ],
  },
  Object {
    "x": Array [
      4.98919576150988,
      9.97839152301976,
    ],
  },
  Object {
    "x": Array [
      4.989548838019853,
      9.979097676039705,
    ],
  },
  Object {
    "x": Array [
      4.989890376185683,
      9.979780752371367,
    ],
  },
  Object {
    "x": Array [
      4.990220753074046,
      9.980441506148091,
    ],
  },
  Object {
    "x": Array [
      4.990540333429285,
      9.98108066685857,
    ],
  },
  Object {
    "x": Array [
      4.990849470076106,
      9.981698940152212,
    ],
  },
  Object {
    "x": Array [
      4.991148504309095,
      9.98229700861819,
    ],
  },
  Object {
    "x": Array [
      4.991437766269523,
      9.982875532539046,
    ],
  },
  Object {
    "x": Array [
      4.991717575309827,
      9.983435150619654,
    ],
  },
  Object {
    "x": Array [
      4.991988240346181,
      9.983976480692363,
    ],
  },
  Object {
    "x": Array [
      4.992250060199557,
      9.984500120399113,
    ],
  },
  Object {
    "x": Array [
      4.992503323925616,
      9.985006647851232,
    ],
  },
  Object {
    "x": Array [
      4.9927483111338455,
      9.985496622267691,
    ],
  },
  Object {
    "x": Array [
      4.992985292296248,
      9.985970584592495,
    ],
  },
  Object {
    "x": Array [
      4.993214529045953,
      9.986429058091906,
    ],
  },
  Object {
    "x": Array [
      4.993436274466064,
      9.986872548932128,
    ],
  },
  Object {
    "x": Array [
      4.99365077336907,
      9.98730154673814,
    ],
  },
  Object {
    "x": Array [
      4.993858262567121,
      9.987716525134243,
    ],
  },
  Object {
    "x": Array [
      4.994058971133481,
      9.988117942266962,
    ],
  },
  Object {
    "x": Array [
      4.994253120655425,
      9.98850624131085,
    ],
  },
  Object {
    "x": Array [
      4.994440925478881,
      9.988881850957762,
    ],
  },
  Object {
    "x": Array [
      4.99462259294507,
      9.98924518589014,
    ],
  },
  Object {
    "x": Array [
      4.994798323619415,
      9.98959664723883,
    ],
  },
  Object {
    "x": Array [
      4.994968311512976,
      9.989936623025953,
    ],
  },
  Object {
    "x": Array [
      4.995004763511682,
      9.990265488593273,
    ],
  },
  Object {
    "x": Array [
      4.995004763511682,
      9.990583607016603,
    ],
  },
  Object {
    "x": Array [
      4.995004763511682,
      9.990891329506637,
    ],
  },
  Object {
    "x": Array [
      4.995004763511682,
      9.9911889957967,
    ],
  },
  Object {
    "x": Array [
      4.995004763511682,
      9.991476934517815,
    ],
  },
  Object {
    "x": Array [
      4.995004763511682,
      9.99175546356153,
    ],
  },
  Object {
    "x": Array [
      4.995004763511682,
      9.992024890430875,
    ],
  },
  Object {
    "x": Array [
      4.995004763511682,
      9.992285512579848,
    ],
  },
  Object {
    "x": Array [
      4.995004763511682,
      9.992537617741819,
    ],
  },
  Object {
    "x": Array [
      4.995004763511682,
      9.992781484247192,
    ],
  },
  Object {
    "x": Array [
      4.995004763511682,
      9.993017381330686,
    ],
  },
  Object {
    "x": Array [
      4.995004763511682,
      9.993245569428579,
    ],
  },
  Object {
    "x": Array [
      4.995004763511682,
      9.993466300466237,
    ],
  },
  Object {
    "x": Array [
      4.995004763511682,
      9.99367981813624,
    ],
  },
  Object {
    "x": Array [
      4.995004763511682,
      9.99388635816744,
    ],
  },
  Object {
    "x": Array [
      4.995004763511682,
      9.994086148585197,
    ],
  },
  Object {
    "x": Array [
      4.995004763511682,
      9.994279409963122,
    ],
  },
  Object {
    "x": Array [
      4.995004763511682,
      9.994466355666614,
    ],
  },
  Object {
    "x": Array [
      4.995004763511682,
      9.994647192088397,
    ],
  },
  Object {
    "x": Array [
      4.995004763511682,
      9.994822118876408,
    ],
  },
  Object {
    "x": Array [
      4.995004763511682,
      9.994991329154193,
    ],
  },
  Object {
    "x": Array [
      5,
      10,
    ],
  },
]
`;
